// Jest Snapshot v1, https://goo.gl/fbAQLP

exports[`Account should render Account 1`] = `
<View
  style={
    Object {
      "alignItems": "stretch",
      "backgroundColor": "#1F1F1F",
      "flex": 1,
      "flexDirection": "column",
      "justifyContent": "flex-start",
      "paddingBottom": 19,
      "paddingHorizontal": 20,
      "paddingTop": 16,
    }
  }
>
  <View
    style={
      Object {
        "alignItems": "center",
        "flex": 1,
        "flexDirection": "column",
      }
    }
  >
    Avatar
    Text
  </View>
  Button
</View>
`;
